[33mΓ¥»[39m Building...
[32mΓ£ö[39m Building...
[1mInitial chunk files[22m  [2m | [22m[1mNames[22m                             [2m | [22m [1mRaw size[22m[2m | [22m[1mEstimated transfer size[22m
[32mscripts-DSF2MCPT.js[39m  [2m | [22m[2mscripts[22m                           [2m | [22m[36m781.18 kB[39m[2m | [22m              [36m182.17 kB[39m
[32mchunk-I45RF34F.js[39m    [2m | [22m[2m-[22m                                 [2m | [22m[36m378.10 kB[39m[2m | [22m               [36m99.65 kB[39m
[32mchunk-5ZZ2D6BW.js[39m    [2m | [22m[2m-[22m                                 [2m | [22m[36m137.75 kB[39m[2m | [22m               [36m40.83 kB[39m
[32mchunk-XZWQBUZ4.js[39m    [2m | [22m[2m-[22m                                 [2m | [22m [36m89.85 kB[39m[2m | [22m               [36m22.61 kB[39m
[32mmain-RDFJSMTY.js[39m     [2m | [22m[2mmain[22m                              [2m | [22m [36m72.49 kB[39m[2m | [22m               [36m22.60 kB[39m
[32mstyles-R6LEKCCP.css[39m  [2m | [22m[2mstyles[22m                            [2m | [22m [36m70.49 kB[39m[2m | [22m                [36m9.65 kB[39m
[32mchunk-J2CCH7C6.js[39m    [2m | [22m[2m-[22m                                 [2m | [22m [36m70.00 kB[39m[2m | [22m               [36m24.91 kB[39m
[32mpolyfills-B6TNHZQ6.js[39m[2m | [22m[2mpolyfills[22m                         [2m | [22m [36m34.58 kB[39m[2m | [22m               [36m11.32 kB[39m

[1m [22m                    [2m | [22m[1mInitial total[22m                     [2m | [22m  [1m[91m1.63 MB[39m[22m[2m | [22m              [1m413.74 kB[22m

[1mLazy chunk files[22m     [2m | [22m[1mNames[22m                             [2m | [22m [1mRaw size[22m[2m | [22m[1mEstimated transfer size[22m
[32mchunk-ML4IAFYI.js[39m    [2m | [22m[2m-[22m                                 [2m | [22m [36m34.01 kB[39m[2m | [22m                [36m7.52 kB[39m
[32mchunk-YT4IPDU4.js[39m    [2m | [22m[2mregister-usuario-clinica-component[22m[2m | [22m [36m22.60 kB[39m[2m | [22m                [36m4.53 kB[39m
[32mchunk-WCKYMGIA.js[39m    [2m | [22m[2mhome-component[22m                    [2m | [22m [36m11.25 kB[39m[2m | [22m                [36m3.74 kB[39m
[32mchunk-EWIKRK6T.js[39m    [2m | [22m[2m-[22m                                 [2m | [22m  [36m9.97 kB[39m[2m | [22m                [36m3.08 kB[39m
[32mchunk-VDBEHRHG.js[39m    [2m | [22m[2m-[22m                                 [2m | [22m  [36m4.88 kB[39m[2m | [22m                [36m1.83 kB[39m
[32mchunk-SGK55GMS.js[39m    [2m | [22m[2m-[22m                                 [2m | [22m  [36m4.22 kB[39m[2m | [22m                [36m1.34 kB[39m
[32mchunk-I74T6LOW.js[39m    [2m | [22m[2m-[22m                                 [2m | [22m  [36m1.34 kB[39m[2m | [22m              [36m600 bytes[39m
[32mchunk-HCFIH5O2.js[39m    [2m | [22m[2mshared-layout-component[22m           [2m | [22m[36m258 bytes[39m[2m | [22m              [36m258 bytes[39m
[32mchunk-XYZ3UX44.js[39m    [2m | [22m[2mregister-paciente-component[22m       [2m | [22m[36m215 bytes[39m[2m | [22m              [36m215 bytes[39m
[32mchunk-MJEOAXWJ.js[39m    [2m | [22m[2mlogin-component[22m                   [2m | [22m[36m176 bytes[39m[2m | [22m              [36m176 bytes[39m

Application bundle generation failed. [5.226 seconds]

node.exe : [1m[33m[33mΓû▓ [43;33m
[[43;30mWARNING[43;33m][0m 
[1mTS-998113: All imports are 
unused[0m [1m[35m[plugin 
angular-compiler][0m
En C:\nvm4w\nodejs\ng.ps1: 16 
Carácter: 5
+     & "$basedir/node$exe"  "$basedi
r/node_modules/@angular/cli/bin/ng 
...
+     ~~~~~~~~~~~~~~~~~~~~~~~~~~~~~~~
~~~~~~~~~~~~~~~~~~~~~~~~~~~~~~~~~~
    + CategoryInfo          : NotSpe 
   cified: ([1m[33m[33mΓ...r-com  
  piler][0m:String) [], RemoteExc   
 eption
    + FullyQualifiedErrorId : Native 
   CommandError
 

    src/app/layouts/shared-layout/sha
red-layout.component.ts:7:2:
[37m      7 Γöé   
[32mimports[37m: [HeaderComponent, 
SidebarComponent],
        Γò╡   [32m~~~~~~~[0m


[33mΓû▓ [43;33m[[43;30mWARNING[43
;33m][0m [1mbundle initial 
exceeded maximum budget. Budget 
500.00 kB was not met by 1.13 MB 
with a total of 1.63 MB.[0m


[33mΓû▓ [43;33m[[43;30mWARNING[43
;33m][0m [1m167 rules skipped due 
to selector errors:
  & -> Empty sub-selector
  & -> Empty sub-selector
  & -> Empty sub-selector
  & -> Empty sub-selector
  & -> Empty sub-selector
  & -> Empty sub-selector
  & -> Empty sub-selector
  & -> Empty sub-selector
  & -> Empty sub-selector
  & -> Empty sub-selector
  & -> Empty sub-selector
  & -> Empty sub-selector
  & -> Empty sub-selector
  & -> Empty sub-selector
  & -> Empty sub-selector
  & -> Empty sub-selector
  & -> Empty sub-selector
  & -> Empty sub-selector
  & -> Empty sub-selector
  & -> Empty sub-selector
  & -> Empty sub-selector
  & -> Empty sub-selector
  & -> Empty sub-selector
  & -> Empty sub-selector
  & -> Empty sub-selector
  & -> Empty sub-selector
  & -> Empty sub-selector
  & -> Empty sub-selector
  & -> Empty sub-selector
  & -> Empty sub-selector
  & -> Empty sub-selector
  & -> Empty sub-selector
  & -> Empty sub-selector
  & -> Empty sub-selector
  & -> Empty sub-selector
  & -> Empty sub-selector
  & -> Empty sub-selector
  & -> Empty sub-selector
  & -> Empty sub-selector
  & -> Empty sub-selector
  & -> Empty sub-selector
  & -> Empty sub-selector
  & -> Empty sub-selector
  & -> Empty sub-selector
  & -> Empty sub-selector
  & -> Empty sub-selector
  & -> Empty sub-selector
  & -> Empty sub-selector
  & -> Empty sub-selector
  & -> Empty sub-selector
  & -> Empty sub-selector
  & -> Empty sub-selector
  & -> Empty sub-selector
  & -> Empty sub-selector
  & -> Empty sub-selector
  & -> Empty sub-selector
  & -> Empty sub-selector
  & -> Empty sub-selector
  & -> Empty sub-selector
  & -> Empty sub-selector
  & -> Empty sub-selector
  & -> Empty sub-selector
  & -> Empty sub-selector
  & -> Empty sub-selector
  & -> Empty sub-selector
  & -> Empty sub-selector
  & -> Empty sub-selector
  & -> Empty sub-selector
  & -> Empty sub-selector
  & -> Empty sub-selector
  & -> Empty sub-selector
  & -> Empty sub-selector
  & -> Empty sub-selector
  & -> Empty sub-selector
  & -> Empty sub-selector
  & -> Empty sub-selector
  & -> Empty sub-selector
  & -> Empty sub-selector
  & -> Empty sub-selector
  & -> Empty sub-selector
  & -> Empty sub-selector
  & -> Empty sub-selector
  & -> Empty sub-selector
  & -> Empty sub-selector
  & -> Empty sub-selector
  & -> Empty sub-selector
  & -> Empty sub-selector
  & -> Empty sub-selector
  & -> Empty sub-selector
  & -> Empty sub-selector
  & -> Empty sub-selector
  &.hs-dropdown-menu.open -> Empty 
sub-selector
  .hs-dropdown.open>& -> Unmatched 
selector: &
  .hs-dropdown.open>.hs-dropdown-togg
le & -> Unmatched selector: &
  .hs-dropdown.open>.hs-dropdown-menu
>& -> Unmatched selector: &
  &.hs-dropdown-menu.open -> Empty 
sub-selector
  .hs-dropdown.open>& -> Unmatched 
selector: &
  .hs-dropdown.open>.hs-dropdown-togg
le & -> Unmatched selector: &
  .hs-dropdown.open>.hs-dropdown-menu
>& -> Unmatched selector: &
  &.hs-dropdown-menu.open -> Empty 
sub-selector
  .hs-dropdown.open>& -> Unmatched 
selector: &
  .hs-dropdown.open>.hs-dropdown-togg
le & -> Unmatched selector: &
  .hs-dropdown.open>.hs-dropdown-menu
>& -> Unmatched selector: &
  &.open -> Empty sub-selector
  .open & -> Unmatched selector: &
  &.hs-overlay-body-open -> Empty 
sub-selector
  .hs-overlay-body-open & -> 
Unmatched selector: &
  &.minified -> Empty sub-selector
  .minified & -> Unmatched selector: 
&
  .hs-overlay-minified & -> 
Unmatched selector: &
  &.minified -> Empty sub-selector
  .minified & -> Unmatched selector: 
&
  .hs-overlay-minified & -> 
Unmatched selector: &
  &.minified -> Empty sub-selector
  .minified & -> Unmatched selector: 
&
  .hs-overlay-minified & -> 
Unmatched selector: &
  &.minified -> Empty sub-selector
  .minified & -> Unmatched selector: 
&
  .hs-overlay-minified & -> 
Unmatched selector: &
  &.minified -> Empty sub-selector
  .minified & -> Unmatched selector: 
&
  .hs-overlay-minified & -> 
Unmatched selector: &
  &.minified -> Empty sub-selector
  .minified & -> Unmatched selector: 
&
  .hs-overlay-minified & -> 
Unmatched selector: &
  &.minified -> Empty sub-selector
  .minified & -> Unmatched selector: 
&
  .hs-overlay-minified & -> 
Unmatched selector: &
  &.minified -> Empty sub-selector
  .minified & -> Unmatched selector: 
&
  .hs-overlay-minified & -> 
Unmatched selector: &
  &.minified -> Empty sub-selector
  .minified & -> Unmatched selector: 
&
  .hs-overlay-minified & -> 
Unmatched selector: &
  &.minified -> Empty sub-selector
  .minified & -> Unmatched selector: 
&
  .hs-overlay-minified & -> 
Unmatched selector: &
  &.selected -> Empty sub-selector
  .selected & -> Unmatched selector: 
&
  &.selected -> Empty sub-selector
  .selected & -> Unmatched selector: 
&
  &.selected -> Empty sub-selector
  .selected & -> Unmatched selector: 
&
  &.selected -> Empty sub-selector
  .selected & -> Unmatched selector: 
&
  &.disabled -> Empty sub-selector
  .disabled & -> Unmatched selector: 
&
  &.disabled -> Empty sub-selector
  .disabled & -> Unmatched selector: 
&
  &.selected -> Empty sub-selector
  .selected & -> Unmatched selector: 
&
  &.complete -> Empty sub-selector
  .complete & -> Unmatched selector: 
&
  .light & -> Unmatched selector: &
  .light & -> Unmatched selector: &
  .light & -> Unmatched selector: &
  .light & -> Unmatched selector: &
  .dark & -> Unmatched selector: &
  .dark & -> Unmatched selector: &
  .dark & -> Unmatched selector: &
  .dark & -> Unmatched selector: &
  & -> Empty sub-selector
  & -> Empty sub-selector
  & -> Empty sub-selector
  & -> Empty sub-selector
  & -> Empty sub-selector
  & -> Empty sub-selector[0m

[39m[22m
[1m[31m[31mX 
[41;31m[[41;97mERROR[41;31m][0m 
[1mbundle initial exceeded maximum 
budget. Budget 1.00 MB was not met 
by 634.43 kB with a total of 1.63 
MB.[0m

[39m[22m
